
R version 4.5.0 (2025-04-11) -- "How About a Twenty-Six"
Copyright (C) 2025 The R Foundation for Statistical Computing
Platform: x86_64-pc-linux-gnu

R is free software and comes with ABSOLUTELY NO WARRANTY.
You are welcome to redistribute it under certain conditions.
Type 'license()' or 'licence()' for distribution details.

  Natural language support but running in an English locale

R is a collaborative project with many contributors.
Type 'contributors()' for more information and
'citation()' on how to cite R or R packages in publications.

Type 'demo()' for some demos, 'help()' for on-line help, or
'help.start()' for an HTML browser interface to help.
Type 'q()' to quit R.

> 
> # Compare our Makarov quantile method and save simulation results
> set.seed(123)
> 
> source("generate.R")
Loading required package: randomizr
Loading required package: fabricatr
Loading required package: estimatr
> source("bounds.R")
> source("plot_quantile_CI_comparison.r")
> library(RIQITE)
> library(MASS)
> library(ggplot2)

Attaching package: ‘ggplot2’

The following object is masked from ‘package:DeclareDesign’:

    vars

> plot.dir <- "../fig/"
> compare_makarov_quantile <- function(params) {
+   result <- do.call(get_bounds, params)
+   bounds <- result$bounds
+   data <- result$data
+   obs_Y1 <- sort(result$obs_Y1)
+   obs_Y0 <- sort(result$obs_Y0)
+   # naive bounds
+   naive_u <- max(obs_Y1) - min(obs_Y0)
+   naive_l <- min(obs_Y1) - max(obs_Y0)
+   # Compute Makarov bounds for all t values
+   diff_bounds <- get_marakov_bounds_all_t(bounds, obs_Y1, obs_Y0, data)
+ 
+   quants_check <- seq(0.1,1,by = 0.1)
+   quants_true <- quantile(data$tau, quants_check)
+   conf_int_idx <- lapply(quants_check, \(z) which(diff_bounds[,2] >= z))
+   # just do lower bound since that is what riqite does well in 
+   conf_int_us <- lapply(conf_int_idx, \(z)  max( c(min(diff_bounds[z, 3])), naive_l))
+   conf_riqite <- ci_quantile(data$Z, data$Y, quants_check*nrow(data), 
+                              nperm = 1e3, alpha = params$alpha)
+ 
+   for(i in 1:length(conf_int_us)){
+     if(abs(conf_int_us[[i]] - naive_l) < 0.25) {
+       conf_int_us[[i]] <- -Inf
+     }
+   }
+ 
+   cover_us <- quants_true > conf_int_us
+   cover_riqite <- quants_true > conf_riqite$lower
+   width_diff <- unlist(conf_int_us) - conf_riqite$lower
+ 
+   return(
+     data.frame(
+       m = params$m,
+       p = params$p,
+       tau = params$tau,
+       rho = params$rho,
+       lower_us = unlist(conf_int_us),
+       lower_riqite = conf_riqite$lower,
+       cover_us = cover_us,
+       cover_riqite = cover_riqite,
+       quants_check = quants_check
+     )
+   )
+ }
> 
> set.seed(123) # for reproducibility
> NSIM <- 20 # or set to desired number of simulations
> m <- c(1e2, 5e2, 1e3)
> sim_results <- data.frame()
> for(tau in seq(1,9, length = 3)){
+ for(rho in c(0.1, 0.3, 0.7)){
+       for (size in m) {
+         params <- list(
+           m = size,
+           p = 0.5,
+           alpha = 0.1,
+           tau = tau,
+           rho = rho
+         )
+       
+         for (sim in 1:NSIM) {
+           print(sim)
+           sim_results <- rbind(sim_results, compare_makarov_quantile(params))
+         }
+   }
+ }
+ }
[1] 1
[1] 2
[1] 3
[1] 4
[1] 5
[1] 6
[1] 7
[1] 8
[1] 9
[1] 10
[1] 11
[1] 12
[1] 13
[1] 14
[1] 15
[1] 16
[1] 17
[1] 18
[1] 19
[1] 20
[1] 1
[1] 2
[1] 3
[1] 4
[1] 5
[1] 6
[1] 7
[1] 8
[1] 9
[1] 10
[1] 11
[1] 12
[1] 13
[1] 14
[1] 15
[1] 16
[1] 17
[1] 18
[1] 19
[1] 20
[1] 1
[1] 2
[1] 3
[1] 4
[1] 5
[1] 6
[1] 7
[1] 8
[1] 9
[1] 10
[1] 11
[1] 12
[1] 13
[1] 14
[1] 15
[1] 16
[1] 17
[1] 18
[1] 19
[1] 20
[1] 1
[1] 2
[1] 3
[1] 4
[1] 5
[1] 6
[1] 7
[1] 8
[1] 9
[1] 10
[1] 11
[1] 12
[1] 13
[1] 14
[1] 15
[1] 16
[1] 17
[1] 18
[1] 19
[1] 20
[1] 1
[1] 2
[1] 3
[1] 4
[1] 5
[1] 6
[1] 7
[1] 8
[1] 9
[1] 10
[1] 11
[1] 12
[1] 13
[1] 14
[1] 15
[1] 16
[1] 17
[1] 18
[1] 19
[1] 20
[1] 1
[1] 2
[1] 3
[1] 4
[1] 5
[1] 6
[1] 7
[1] 8
[1] 9
[1] 10
[1] 11
[1] 12
[1] 13
[1] 14
[1] 15
[1] 16
[1] 17
[1] 18
[1] 19
[1] 20
[1] 1
[1] 2
[1] 3
[1] 4
[1] 5
[1] 6
[1] 7
[1] 8
[1] 9
[1] 10
[1] 11
[1] 12
[1] 13
[1] 14
[1] 15
[1] 16
[1] 17
[1] 18
[1] 19
[1] 20
[1] 1
[1] 2
[1] 3
[1] 4
[1] 5
[1] 6
[1] 7
[1] 8
[1] 9
[1] 10
[1] 11
[1] 12
[1] 13
[1] 14
[1] 15
[1] 16
[1] 17
[1] 18
[1] 19
[1] 20
[1] 1
[1] 2
[1] 3
[1] 4
[1] 5
[1] 6
[1] 7
[1] 8
[1] 9
[1] 10
[1] 11
[1] 12
[1] 13
[1] 14
[1] 15
[1] 16
[1] 17
[1] 18
[1] 19
[1] 20
[1] 1
[1] 2
[1] 3
[1] 4
[1] 5
[1] 6
[1] 7
[1] 8
[1] 9
[1] 10
[1] 11
[1] 12
[1] 13
[1] 14
[1] 15
[1] 16
[1] 17
[1] 18
[1] 19
[1] 20
[1] 1
[1] 2
[1] 3
[1] 4
[1] 5
[1] 6
[1] 7
[1] 8
[1] 9
[1] 10
[1] 11
[1] 12
[1] 13
[1] 14
[1] 15
[1] 16
[1] 17
[1] 18
[1] 19
[1] 20
[1] 1
[1] 2
[1] 3
[1] 4
[1] 5
[1] 6
[1] 7
[1] 8
[1] 9
[1] 10
[1] 11
[1] 12
[1] 13
[1] 14
[1] 15
[1] 16
[1] 17
[1] 18
[1] 19
[1] 20
[1] 1
[1] 2
[1] 3
[1] 4
[1] 5
[1] 6
[1] 7
[1] 8
[1] 9
[1] 10
[1] 11
[1] 12
[1] 13
[1] 14
[1] 15
[1] 16
[1] 17
[1] 18
[1] 19
[1] 20
[1] 1
[1] 2
[1] 3
[1] 4
[1] 5
[1] 6
[1] 7
[1] 8
[1] 9
[1] 10
[1] 11
[1] 12
[1] 13
[1] 14
[1] 15
[1] 16
[1] 17
[1] 18
[1] 19
[1] 20
[1] 1
[1] 2
[1] 3
[1] 4
[1] 5
[1] 6
[1] 7
[1] 8
[1] 9
[1] 10
[1] 11
[1] 12
[1] 13
[1] 14
[1] 15
[1] 16
[1] 17
[1] 18
[1] 19
[1] 20
[1] 1
[1] 2
[1] 3
[1] 4
[1] 5
[1] 6
[1] 7
[1] 8
[1] 9
[1] 10
[1] 11
[1] 12
[1] 13
[1] 14
[1] 15
[1] 16
[1] 17
[1] 18
[1] 19
[1] 20
[1] 1
[1] 2
[1] 3
[1] 4
[1] 5
[1] 6
[1] 7
[1] 8
[1] 9
[1] 10
[1] 11
[1] 12
[1] 13
[1] 14
[1] 15
[1] 16
[1] 17
[1] 18
[1] 19
[1] 20
[1] 1
[1] 2
[1] 3
[1] 4
[1] 5
[1] 6
[1] 7
[1] 8
[1] 9
[1] 10
[1] 11
[1] 12
[1] 13
[1] 14
[1] 15
[1] 16
[1] 17
[1] 18
[1] 19
[1] 20
[1] 1
[1] 2
[1] 3
[1] 4
[1] 5
[1] 6
[1] 7
[1] 8
[1] 9
[1] 10
[1] 11
[1] 12
[1] 13
[1] 14
[1] 15
[1] 16
[1] 17
[1] 18
[1] 19
[1] 20
[1] 1
[1] 2
[1] 3
[1] 4
[1] 5
[1] 6
[1] 7
[1] 8
[1] 9
[1] 10
[1] 11
[1] 12
[1] 13
[1] 14
[1] 15
[1] 16
[1] 17
[1] 18
[1] 19
[1] 20
[1] 1
[1] 2
[1] 3
[1] 4
[1] 5
[1] 6
[1] 7
[1] 8
[1] 9
[1] 10
[1] 11
[1] 12
[1] 13
[1] 14
[1] 15
[1] 16
[1] 17
[1] 18
[1] 19
[1] 20
[1] 1
[1] 2
[1] 3
[1] 4
[1] 5
[1] 6
[1] 7
[1] 8
[1] 9
[1] 10
[1] 11
[1] 12
[1] 13
[1] 14
[1] 15
[1] 16
[1] 17
[1] 18
[1] 19
[1] 20
[1] 1
[1] 2
[1] 3
[1] 4
[1] 5
[1] 6
[1] 7
[1] 8
[1] 9
[1] 10
[1] 11
[1] 12
[1] 13
[1] 14
[1] 15
[1] 16
[1] 17
[1] 18
[1] 19
[1] 20
[1] 1
[1] 2
[1] 3
[1] 4
[1] 5
[1] 6
[1] 7
[1] 8
[1] 9
[1] 10
[1] 11
[1] 12
[1] 13
[1] 14
[1] 15
[1] 16
[1] 17
[1] 18
[1] 19
[1] 20
[1] 1
[1] 2
[1] 3
[1] 4
[1] 5
[1] 6
[1] 7
[1] 8
[1] 9
[1] 10
[1] 11
[1] 12
[1] 13
[1] 14
[1] 15
[1] 16
[1] 17
[1] 18
[1] 19
[1] 20
[1] 1
[1] 2
[1] 3
[1] 4
[1] 5
[1] 6
[1] 7
[1] 8
[1] 9
[1] 10
[1] 11
[1] 12
[1] 13
[1] 14
[1] 15
[1] 16
[1] 17
[1] 18
[1] 19
[1] 20
[1] 1
[1] 2
[1] 3
[1] 4
[1] 5
[1] 6
[1] 7
[1] 8
[1] 9
[1] 10
[1] 11
[1] 12
[1] 13
[1] 14
[1] 15
[1] 16
[1] 17
[1] 18
[1] 19
[1] 20
> 
> 
> 
> 
> 
> 
> # Optionally, save results to a file
> write.csv(sim_results, file = "makarov_quantile_sim_results.csv", row.names = FALSE)
> 
> sim_results <- sim_results |> 
+   dplyr::mutate(
+     percent_improvement = ifelse(
+       is.infinite(width_riqite),
+       Inf,
+       100 * (width_us - width_riqite) / abs(width_riqite)
+     )
+   )
Error in `dplyr::mutate()`:
ℹ In argument: `percent_improvement = ifelse(is.infinite(width_riqite),
  Inf, 100 * (width_us - width_riqite)/abs(width_riqite))`.
Caused by error:
! object 'width_riqite' not found
Backtrace:
     ▆
  1. ├─dplyr::mutate(...)
  2. ├─dplyr:::mutate.data.frame(...)
  3. │ └─dplyr:::mutate_cols(.data, dplyr_quosures(...), by)
  4. │   ├─base::withCallingHandlers(...)
  5. │   └─dplyr:::mutate_col(dots[[i]], data, mask, new_columns)
  6. │     └─mask$eval_all_mutate(quo)
  7. │       └─dplyr (local) eval()
  8. ├─base::ifelse(...)
  9. └─base::.handleSimpleError(...)
 10.   └─dplyr (local) h(simpleError(msg, call))
 11.     └─rlang::abort(message, class = error_class, parent = parent, call = error_call)
Execution halted
